[{"stream_name":"stderr","time":6.878088327,"data":"0.00s - Debugger warning: It seems that frozen modules are being used, which may\n"}
,{"stream_name":"stderr","time":6.87813834,"data":"0.00s - make the debugger miss breakpoints. Please pass -Xfrozen_modules=off\n"}
,{"stream_name":"stderr","time":6.878142298,"data":"0.00s - to python to disable frozen modules.\n"}
,{"stream_name":"stderr","time":6.87814454,"data":"0.00s - Note: Debugging will proceed. Set PYDEVD_DISABLE_FILE_VALIDATION=1 to disable this validation.\n"}
,{"stream_name":"stderr","time":7.472721552,"data":"0.00s - Debugger warning: It seems that frozen modules are being used, which may\n"}
,{"stream_name":"stderr","time":7.472745363,"data":"0.00s - make the debugger miss breakpoints. Please pass -Xfrozen_modules=off\n"}
,{"stream_name":"stderr","time":7.472748752,"data":"0.00s - to python to disable frozen modules.\n"}
,{"stream_name":"stderr","time":7.472751199,"data":"0.00s - Note: Debugging will proceed. Set PYDEVD_DISABLE_FILE_VALIDATION=1 to disable this validation.\n"}
,{"stream_name":"stdout","time":13.728805509,"data":"GPUS: [{'name': 'NVIDIA L4', 'total_bytes': 23659151360}, {'name': 'NVIDIA L4', 'total_bytes': 23659151360}, {'name': 'NVIDIA L4', 'total_bytes': 23659151360}, {'name': 'NVIDIA L4', 'total_bytes': 23659151360}]\n"}
,{"stream_name":"stdout","time":15.137330976,"data":"Processing /kaggle/input/datasets/jthomaslockhart/hyper-arc-gemma4-runtime/transformers-5.7.0-py3-none-any.whl\n"}
,{"stream_name":"stdout","time":15.283294632,"data":"Processing /kaggle/input/datasets/jthomaslockhart/hyper-arc-gemma4-runtime/huggingface_hub-1.5.0-py3-none-any.whl\n"}
,{"stream_name":"stdout","time":15.309495014,"data":"Processing /kaggle/input/datasets/jthomaslockhart/hyper-arc-gemma4-runtime/tokenizers-0.22.2-cp39-abi3-manylinux_2_17_x86_64.manylinux2014_x86_64.whl\n"}
,{"stream_name":"stdout","time":15.328871002,"data":"Processing /kaggle/input/datasets/jthomaslockhart/hyper-arc-gemma4-runtime/safetensors-0.7.0-cp38-abi3-manylinux_2_17_x86_64.manylinux2014_x86_64.whl\n"}
,{"stream_name":"stdout","time":15.339312176,"data":"Processing /kaggle/input/datasets/jthomaslockhart/hyper-arc-gemma4-runtime/transformers-5.7.0-py3-none-any.whl\n"}
,{"stream_name":"stdout","time":15.339322773,"data":"Processing /kaggle/input/datasets/jthomaslockhart/hyper-arc-gemma4-runtime/huggingface_hub-1.5.0-py3-none-any.whl\n"}
,{"stream_name":"stdout","time":15.339326213,"data":"Processing /kaggle/input/datasets/jthomaslockhart/hyper-arc-gemma4-runtime/tokenizers-0.22.2-cp39-abi3-manylinux_2_17_x86_64.manylinux2014_x86_64.whl\n"}
,{"stream_name":"stdout","time":15.339329531,"data":"Processing /kaggle/input/datasets/jthomaslockhart/hyper-arc-gemma4-runtime/safetensors-0.7.0-cp38-abi3-manylinux_2_17_x86_64.manylinux2014_x86_64.whl\n"}
,{"stream_name":"stdout","time":15.342963955,"data":"Installing collected packages: transformers, tokenizers, safetensors, huggingface-hub\n"}
,{"stream_name":"stdout","time":15.544860224,"data":"Installing collected packages: transformers, tokenizers, safetensors, huggingface-hub\n"}
,{"stream_name":"stdout","time":22.749242443,"data":"Successfully installed huggingface-hub-1.5.0 safetensors-0.7.0 tokenizers-0.22.2 transformers-5.7.0\n"}
,{"stream_name":"stdout","time":22.951312047000002,"data":"Successfully installed huggingface-hub-1.5.0 safetensors-0.7.0 tokenizers-0.22.2 transformers-5.7.0\n"}
,{"stream_name":"stdout","time":172.538092697,"data":"\n"}
,{"stream_name":"stdout","time":172.538122245,"data":"Loading weights:   0%|          | 0/2076 [00:00\u003c?, ?it/s]\n"}
,{"stream_name":"stdout","time":172.538126684,"data":"Loading weights:   6%|▌         | 120/2076 [00:00\u003c00:01, 1152.55it/s]\n"}
,{"stream_name":"stdout","time":172.538130168,"data":"Loading weights:  11%|█▏        | 236/2076 [00:00\u003c00:01, 1044.27it/s]\n"}
,{"stream_name":"stdout","time":172.538143398,"data":"Loading weights:  16%|█▋        | 341/2076 [00:00\u003c00:02, 859.14it/s] \n"}
,{"stream_name":"stdout","time":172.538145968,"data":"Loading weights:  21%|██        | 430/2076 [00:00\u003c00:01, 841.73it/s]\n"}
,{"stream_name":"stdout","time":172.538147958,"data":"Loading weights:  25%|██▍       | 516/2076 [00:00\u003c00:01, 813.23it/s]\n"}
,{"stream_name":"stdout","time":172.538149914,"data":"Loading weights:  29%|██▉       | 599/2076 [00:00\u003c00:01, 799.32it/s]\n"}
,{"stream_name":"stdout","time":172.538152105,"data":"Loading weights:  33%|███▎      | 686/2076 [00:00\u003c00:01, 816.92it/s]\n"}
,{"stream_name":"stdout","time":172.53815411,"data":"Loading weights:  37%|███▋      | 769/2076 [00:00\u003c00:01, 719.88it/s]\n"}
,{"stream_name":"stdout","time":172.538156172,"data":"Loading weights:  41%|████      | 843/2076 [00:01\u003c00:02, 582.63it/s]\n"}
,{"stream_name":"stdout","time":172.538158249,"data":"Loading weights:  44%|████▎     | 906/2076 [00:01\u003c00:02, 536.53it/s]\n"}
,{"stream_name":"stdout","time":172.538160363,"data":"Loading weights:  46%|████▋     | 963/2076 [00:01\u003c00:02, 514.41it/s]\n"}
,{"stream_name":"stdout","time":172.538162312,"data":"Loading weights:  49%|████▉     | 1017/2076 [00:01\u003c00:02, 482.71it/s]\n"}
,{"stream_name":"stdout","time":172.538164293,"data":"Loading weights:  51%|█████▏    | 1067/2076 [00:01\u003c00:02, 472.36it/s]\n"}
,{"stream_name":"stdout","time":172.538166268,"data":"Loading weights:  54%|█████▍    | 1116/2076 [00:01\u003c00:02, 456.66it/s]\n"}
,{"stream_name":"stdout","time":172.538168448,"data":"Loading weights:  56%|█████▌    | 1163/2076 [00:01\u003c00:02, 443.07it/s]\n"}
,{"stream_name":"stdout","time":172.538170427,"data":"Loading weights:  58%|█████▊    | 1208/2076 [00:02\u003c00:02, 411.19it/s]\n"}
,{"stream_name":"stdout","time":172.538172391,"data":"Loading weights:  60%|██████    | 1250/2076 [00:02\u003c00:02, 379.75it/s]\n"}
,{"stream_name":"stdout","time":172.538174419,"data":"Loading weights:  62%|██████▏   | 1289/2076 [00:02\u003c00:02, 363.37it/s]\n"}
,{"stream_name":"stdout","time":172.538176539,"data":"Loading weights:  64%|██████▍   | 1335/2076 [00:02\u003c00:01, 386.39it/s]\n"}
,{"stream_name":"stdout","time":172.538178538,"data":"Loading weights:  66%|██████▌   | 1375/2076 [00:02\u003c00:01, 383.70it/s]\n"}
,{"stream_name":"stdout","time":172.538180548,"data":"Loading weights:  68%|██████▊   | 1419/2076 [00:02\u003c00:01, 388.11it/s]\n"}
,{"stream_name":"stdout","time":172.538182559,"data":"Loading weights:  73%|███████▎  | 1519/2076 [00:02\u003c00:01, 540.35it/s]\n"}
,{"stream_name":"stdout","time":172.538184734,"data":"Loading weights:  77%|███████▋  | 1603/2076 [00:02\u003c00:00, 607.27it/s]\n"}
,{"stream_name":"stdout","time":172.538186743,"data":"Loading weights:  80%|████████  | 1666/2076 [00:02\u003c00:00, 604.41it/s]\n"}
,{"stream_name":"stdout","time":172.53818966,"data":"Loading weights:  85%|████████▍ | 1756/2076 [00:03\u003c00:00, 671.16it/s]\n"}
,{"stream_name":"stdout","time":172.538191869,"data":"Loading weights:  89%|████████▉ | 1858/2076 [00:03\u003c00:00, 760.55it/s]\n"}
,{"stream_name":"stdout","time":172.538193905,"data":"Loading weights:  94%|█████████▍| 1951/2076 [00:03\u003c00:00, 797.48it/s]\n"}
,{"stream_name":"stdout","time":172.53819595,"data":"Loading weights:  99%|█████████▊| 2046/2076 [00:03\u003c00:00, 840.35it/s]\n"}
,{"stream_name":"stdout","time":172.538200722,"data":"Loading weights: 100%|██████████| 2076/2076 [00:03\u003c00:00, 616.89it/s]\n"}
,{"stream_name":"stdout","time":172.538203009,"data":"Traceback (most recent call last):\n"}
,{"stream_name":"stdout","time":172.53820493,"data":"  File \"\u003cstring\u003e\", line 30, in \u003cmodule\u003e\n"}
,{"stream_name":"stdout","time":172.538207141,"data":"NameError: name 'RELEASE' is not defined. Did you mean: 'RELEASE_ID'?\n"}
,{"stream_name":"stdout","time":172.538209148,"data":"\n"}
,{"stream_name":"stderr","time":173.269100221,"data":"Traceback (most recent call last):\n"}
,{"stream_name":"stderr","time":173.269125162,"data":"  File \"\u003cstring\u003e\", line 1, in \u003cmodule\u003e\n"}
,{"stream_name":"stderr","time":173.269128853,"data":"  File \"/usr/local/lib/python3.12/dist-packages/papermill/execute.py\", line 131, in execute_notebook\n"}
,{"stream_name":"stderr","time":173.269207565,"data":"    raise_for_execution_errors(nb, output_path)\n"}
,{"stream_name":"stderr","time":173.269236089,"data":"  File \"/usr/local/lib/python3.12/dist-packages/papermill/execute.py\", line 251, in raise_for_execution_errors\n"}
,{"stream_name":"stderr","time":173.269344129,"data":"    raise error\n"}
,{"stream_name":"stderr","time":173.269494195,"data":"papermill.exceptions.PapermillExecutionError: \n"}
,{"stream_name":"stderr","time":173.269498961,"data":"---------------------------------------------------------------------------\n"}
,{"stream_name":"stderr","time":173.269501295,"data":"Exception encountered at \"In [1]\":\n"}
,{"stream_name":"stderr","time":173.269503499,"data":"---------------------------------------------------------------------------\n"}
,{"stream_name":"stderr","time":173.269505712,"data":"CalledProcessError                        Traceback (most recent call last)\n"}
,{"stream_name":"stderr","time":173.269508036,"data":"/tmp/ipykernel_65/2112957630.py in \u003ccell line: 0\u003e()\n"}
,{"stream_name":"stderr","time":173.269510436,"data":"     96                                 timeout=300 if BENCH_TASK_ID is not None else 420)\n"}
,{"stream_name":"stderr","time":173.269512796,"data":"     97     print(pathlib.Path('/kaggle/working/model_runtime.log').read_text(encoding='utf-8'), flush=True)\n"}
,{"stream_name":"stderr","time":173.269514922,"data":"---\u003e 98     result.check_returncode()\n"}
,{"stream_name":"stderr","time":173.269517079,"data":"     99 except Exception as exc:\n"}
,{"stream_name":"stderr","time":173.269519059,"data":"    100     partial = json.loads(report_path.read_text()) if report_path.is_file() else {}\n"}
,{"stream_name":"stderr","time":173.26952112,"data":"\n"}
,{"stream_name":"stderr","time":173.269523047,"data":"/usr/lib/python3.12/subprocess.py in check_returncode(self)\n"}
,{"stream_name":"stderr","time":173.269525032,"data":"    500         \"\"\"Raise CalledProcessError if the exit code is non-zero.\"\"\"\n"}
,{"stream_name":"stderr","time":173.269527306,"data":"    501         if self.returncode:\n"}
,{"stream_name":"stderr","time":173.269529261,"data":"--\u003e 502             raise CalledProcessError(self.returncode, self.args, self.stdout,\n"}
,{"stream_name":"stderr","time":173.269531363,"data":"    503                                      self.stderr)\n"}
,{"stream_name":"stderr","time":173.269533391,"data":"    504 \n"}
,{"stream_name":"stderr","time":173.269535335,"data":"\n"}
,{"stream_name":"stderr","time":173.269539465,"data":"CalledProcessError: Command '['/usr/bin/python3', '-u', '-c', \"BENCH_TASK_ID = 'd9fac9be'\\nBENCH_CHALLENGE = {'train': [{'input': [[1, 2, 0, 0, 0, 2, 0, 0, 0], [0, 0, 2, 0, 0, 0, 0, 0, 0], [2, 0, 1, 2, 0, 2, 0, 1, 1], [0, 1, 0, 0, 2, 0, 0, 0, 2], [0, 0, 0, 0, 0, 0, 1, 0, 0], [0, 0, 0, 0, 0, 0, 0, 0, 0], [0, 2, 2, 2, 0, 0, 0, 0, 0], [1, 2, 1, 2, 0, 0, 0, 2, 0], [0, 2, 2, 2, 0, 0, 0, 0, 2], [0, 0, 1, 0, 0, 0, 0, 0, 0], [0, 0, 0, 2, 0, 0, 0, 0, 0]], 'output': [[1]]}, {'input': [[8, 0, 8, 0, 0, 0, 0, 0, 8], [0, 0, 0, 0, 8, 0, 0, 0, 0], [0, 0, 8, 0, 0, 3, 3, 3, 0], [8, 0, 0, 3, 0, 3, 8, 3, 0], [0, 0, 0, 0, 0, 3, 3, 3, 0], [0, 0, 8, 0, 0, 0, 0, 0, 0], [3, 0, 0, 8, 0, 0, 0, 8, 0]], 'output': [[8]]}, {'input': [[0, 8, 0, 0, 0, 0, 0, 0, 0, 0, 3, 8], [3, 0, 0, 0, 0, 0, 0, 8, 0, 3, 0, 0], [0, 3, 3, 8, 0, 0, 0, 0, 0, 0, 0, 8], [0, 0, 0, 3, 8, 0, 0, 0, 0, 0, 0, 0], [3, 0, 0, 0, 0, 0, 0, 0, 0, 0, 8, 0], [0, 0, 0, 3, 8, 0, 0, 0, 0, 0, 0, 0], [0, 3, 0, 0, 0, 0, 0, 0, 0, 0, 0, 0], [0, 0, 0, 3, 3, 3, 0, 0, 8, 0, 3, 0], [0, 0, 3, 3, 8, 3, 0, 0, 0, 0, 0, 0], [0, 0, 0, 3, 3, 3, 0, 0, 0, 0, 0, 0], [0, 0, 3, 0, 0, 0, 0, 0, 0, 0, 0, 0]], 'output': [[8]]}, {'input': [[2, 0, 0, 0, 0, 2, 0, 0, 2], [0, 4, 4, 4, 0, 0, 0, 0, 0], [0, 4, 2, 4, 0, 0, 2, 0, 0], [0, 4, 4, 4, 0, 0, 0, 2, 0], [2, 0, 0, 0, 0, 2, 0, 0, 0]], 'output': [[2]]}], 'test': [{'input': [[0, 0, 0, 0, 0, 0, 0, 0, 0, 1, 0, 0], [1, 0, 0, 0, 0, 0, 4, 0, 0, 1, 0, 0], [0, 0, 0, 0, 0, 0, 0, 0, 0, 0, 0, 0], [0, 0, 0, 0, 1, 4, 0, 0, 4, 0, 0, 0], [0, 4, 0, 1, 0, 0, 0, 0, 0, 0, 0, 0], [0, 0, 0, 0, 0, 1, 0, 4, 4, 0, 0, 1], [1, 0, 0, 0, 0, 0, 0, 0, 0, 0, 0, 0], [0, 0, 0, 1, 0, 0, 0, 0, 4, 0, 0, 0], [0, 0, 0, 0, 1, 1, 1, 0, 0, 0, 0, 4], [4, 0, 0, 0, 1, 4, 1, 1, 0, 0, 0, 0], [0, 0, 0, 0, 1, 1, 1, 0, 0, 0, 0, 4], [0, 0, 4, 4, 0, 0, 0, 1, 0, 0, 0, 0]]}]}\\nBENCH_TARGETS = [[[4]]]\\n\\nimport json, pathlib, torch\\nfrom release_policy import model_preflight, MODEL_ID, RELEASE_ID, MODEL_MIN_GPU_MEMORY_GIB\\nfrom hyper_arc.contender.offline_model import OfflineTransformersTransport\\nfrom hyper_arc.contender.agentic_reasoner import AgenticReasoner\\nimport time\\nmodels = [p.parent for p in pathlib.Path('/kaggle/input').rglob('config.json')\\n          if 'gemma-4-e4b-it' in str(p).lower()]\\nif len(models) != 1:\\n    raise RuntimeError('Expected exactly one attached model')\\ntransport = OfflineTransformersTransport(models[0], device='cuda',\\n    minimum_gpu_memory_gib=MODEL_MIN_GPU_MEMORY_GIB)\\nreport = {'passed': False, 'release_id': RELEASE_ID, 'model': MODEL_ID,\\n          'device': torch.cuda.get_device_name(0), 'submission_created': False,\\n          'scope': 'frozen-builder-task' if BENCH_TASK_ID is not None else 'synthetic-live-model-only',\\n          'stage': 'model_loaded'}\\npathlib.Path('/kaggle/working/qualification.json').write_text(json.dumps(report, indent=2))\\nif BENCH_TASK_ID is not None:\\n    # This stage isolates task reasoning; synthetic preflight passed in v3 with\\n    # the same immutable bundle, attachment and L4 hardware.\\n    report['stage'] = 'builder_task_started'\\n    report['builder_benchmark'] = {'task_id': BENCH_TASK_ID,\\n                                   'selection': 'first frozen development task',\\n                                   'labels_passed_to_model': False}\\n    pathlib.Path('/kaggle/working/qualification.json').write_text(json.dumps(report, indent=2))\\n    result = AgenticReasoner(transport, model=MODEL_ID,\\n        rounds=RELEASE['rounds'], candidates_per_round=RELEASE['candidates'],\\n        max_output_tokens=RELEASE['output_tokens']).solve(\\n            BENCH_TASK_ID, BENCH_CHALLENGE, deadline=time.monotonic() + RELEASE['task_seconds'])\\n    expected = [tuple(tuple(row) for row in grid) for grid in BENCH_TARGETS]\\n    per_output_exact = [index \u003c len(result.test_predictions)\\n                        and target in result.test_predictions[index]\\n                        for index, target in enumerate(expected)]\\n    report['builder_benchmark'] = {\\n        'task_id': BENCH_TASK_ID, 'rounds': result.rounds_executed,\\n        'generated': result.candidates_generated, 'executed': result.candidates_executed,\\n        'per_output_exact_pass_at_2': per_output_exact,\\n        'full_task_exact_pass_at_2': bool(per_output_exact) and all(per_output_exact),\\n        'failures': list(result.failures), 'selection': 'first frozen development task',\\n        'labels_passed_to_model': False}\\nelse:\\n    report.update(model_preflight(transport, MODEL_ID, seconds=90))\\nreport.update({'passed': True, 'stage': 'completed'})\\npathlib.Path('/kaggle/working/qualification.json').write_text(json.dumps(report, indent=2))\\nprint(json.dumps(report), flush=True)\\n\"]' returned non-zero exit status 1.\n"}
,{"stream_name":"stderr","time":173.269567864,"data":"\n"}
,{"stream_name":"stderr","time":175.391158634,"data":"/usr/local/lib/python3.12/dist-packages/mistune.py:435: SyntaxWarning: invalid escape sequence '\\|'\n"}
,{"stream_name":"stderr","time":175.391186306,"data":"  cells[i][c] = re.sub('\\\\\\\\\\|', '|', cell)\n"}
,{"stream_name":"stderr","time":175.53896032,"data":"/usr/local/lib/python3.12/dist-packages/nbconvert/filters/filter_links.py:36: SyntaxWarning: invalid escape sequence '\\_'\n"}
,{"stream_name":"stderr","time":175.538973941,"data":"  text = re.sub(r'_', '\\_', text) # Escape underscores in display text\n"}
,{"stream_name":"stderr","time":176.169713011,"data":"[NbConvertApp] Converting notebook __notebook__.ipynb to notebook\n"}
,{"stream_name":"stderr","time":176.486057357,"data":"[NbConvertApp] Writing 172688 bytes to __notebook__.ipynb\n"}
,{"stream_name":"stderr","time":178.90659759,"data":"[NbConvertApp] Converting notebook __notebook__.ipynb to html\n"}
,{"stream_name":"stderr","time":179.757773537,"data":"[NbConvertApp] Writing 483248 bytes to __results__.html\n"}
]