[{"stream_name":"stderr","time":10.866833141,"data":"/usr/local/lib/python3.11/dist-packages/pydevd_plugins/__init__.py:2: UserWarning: pkg_resources is deprecated as an API. See https://setuptools.pypa.io/en/latest/pkg_resources.html. The pkg_resources package is slated for removal as early as 2025-11-30. Refrain from using this package or pin to Setuptools\u003c81.\n"}
,{"stream_name":"stderr","time":10.866876577,"data":"  __import__(\"pkg_resources\").declare_namespace(__name__)\n"}
,{"stream_name":"stderr","time":11.566777991,"data":"0.00s - Debugger warning: It seems that frozen modules are being used, which may\n"}
,{"stream_name":"stderr","time":11.566801048,"data":"0.00s - make the debugger miss breakpoints. Please pass -Xfrozen_modules=off\n"}
,{"stream_name":"stderr","time":11.566805471,"data":"0.00s - to python to disable frozen modules.\n"}
,{"stream_name":"stderr","time":11.566808836,"data":"0.00s - Note: Debugging will proceed. Set PYDEVD_DISABLE_FILE_VALIDATION=1 to disable this validation.\n"}
,{"stream_name":"stderr","time":12.503632112,"data":"/usr/local/lib/python3.11/dist-packages/pydevd_plugins/__init__.py:2: UserWarning: pkg_resources is deprecated as an API. See https://setuptools.pypa.io/en/latest/pkg_resources.html. The pkg_resources package is slated for removal as early as 2025-11-30. Refrain from using this package or pin to Setuptools\u003c81.\n"}
,{"stream_name":"stderr","time":12.503665698,"data":"  __import__(\"pkg_resources\").declare_namespace(__name__)\n"}
,{"stream_name":"stderr","time":12.774183284,"data":"0.00s - Debugger warning: It seems that frozen modules are being used, which may\n"}
,{"stream_name":"stderr","time":12.774225579,"data":"0.00s - make the debugger miss breakpoints. Please pass -Xfrozen_modules=off\n"}
,{"stream_name":"stderr","time":12.774230254999999,"data":"0.00s - to python to disable frozen modules.\n"}
,{"stream_name":"stderr","time":12.774233192,"data":"0.00s - Note: Debugging will proceed. Set PYDEVD_DISABLE_FILE_VALIDATION=1 to disable this validation.\n"}
,{"stream_name":"stdout","time":18.798284412,"data":"Found existing installation: tensorflow 2.18.0\r\n"}
,{"stream_name":"stdout","time":20.663817063,"data":"Uninstalling tensorflow-2.18.0:\r\n"}
,{"stream_name":"stdout","time":37.836164972,"data":"  Successfully uninstalled tensorflow-2.18.0\r\n"}
,{"stream_name":"stdout","time":38.59323512,"data":"Writing arc_loader.py\n"}
,{"stream_name":"stdout","time":38.605655894,"data":"Writing arc_decoder.py\n"}
,{"stream_name":"stdout","time":38.624001447,"data":"Writing arc_solver.py\n"}
,{"stream_name":"stdout","time":38.635188535,"data":"Writing starter.py\n"}
,{"stream_name":"stdout","time":56.204009689,"data":"Traceback (most recent call last):\r\n"}
,{"stream_name":"stdout","time":56.204038026,"data":"  File \"/kaggle/working/starter.py\", line 45, in \u003cmodule\u003e\r\n"}
,{"stream_name":"stdout","time":56.204042292,"data":"    with open(test_path, \"r\") as f:\r\n"}
,{"stream_name":"stdout","time":56.204045409,"data":"         ^^^^^^^^^^^^^^^^^^^^\r\n"}
,{"stream_name":"stdout","time":56.204048139,"data":"FileNotFoundError: [Errno 2] No such file or directory: '/kaggle/input/arc-prize-2026-arc-agi-2/arc-agi_evaluation_challenges.json'\r\n"}
,{"stream_name":"stderr","time":110.794869882,"data":"Traceback (most recent call last):\n"}
,{"stream_name":"stderr","time":110.794903245,"data":"  File \"\u003cstring\u003e\", line 1, in \u003cmodule\u003e\n"}
,{"stream_name":"stderr","time":110.794907895,"data":"  File \"/usr/local/lib/python3.11/dist-packages/papermill/execute.py\", line 131, in execute_notebook\n"}
,{"stream_name":"stderr","time":110.794949277,"data":"    raise_for_execution_errors(nb, output_path)\n"}
,{"stream_name":"stderr","time":110.794987118,"data":"  File \"/usr/local/lib/python3.11/dist-packages/papermill/execute.py\", line 251, in raise_for_execution_errors\n"}
,{"stream_name":"stderr","time":110.795055041,"data":"    raise error\n"}
,{"stream_name":"stderr","time":110.79527545,"data":"papermill.exceptions.PapermillExecutionError: \n"}
,{"stream_name":"stderr","time":110.79528219,"data":"---------------------------------------------------------------------------\n"}
,{"stream_name":"stderr","time":110.795284475,"data":"Exception encountered at \"In [8]\":\n"}
,{"stream_name":"stderr","time":110.795286552,"data":"---------------------------------------------------------------------------\n"}
,{"stream_name":"stderr","time":110.795288489,"data":"FileNotFoundError                         Traceback (most recent call last)\n"}
,{"stream_name":"stderr","time":110.795290693,"data":"/tmp/ipykernel_64/3661606191.py in \u003ccell line: 0\u003e()\n"}
,{"stream_name":"stderr","time":110.795292855,"data":"      9     data = ArcDataset.from_file(\"/kaggle/input/arc-prize-2026-arc-agi-2/arc-agi_test_challenges.json\")\n"}
,{"stream_name":"stderr","time":110.795295055,"data":"     10 else:\n"}
,{"stream_name":"stderr","time":110.795296877,"data":"---\u003e 11     data = ArcDataset.from_file(\"/kaggle/input/arc-prize-2026-arc-agi-2/arc-agi_evaluation_challenges.json\")\n"}
,{"stream_name":"stderr","time":110.795299068,"data":"     12     data = data.load_replies(\"/kaggle/input/arc-prize-2026-arc-agi-2/arc-agi_evaluation_solutions.json\")\n"}
,{"stream_name":"stderr","time":110.795301172,"data":"     13 \n"}
,{"stream_name":"stderr","time":110.795302959,"data":"\n"}
,{"stream_name":"stderr","time":110.79530476,"data":"/kaggle/working/arc_loader.py in from_file(cls, queries_file, keys)\n"}
,{"stream_name":"stderr","time":110.795306666,"data":"    129     @classmethod\n"}
,{"stream_name":"stderr","time":110.795308585,"data":"    130     def from_file(cls, queries_file, keys=None):\n"}
,{"stream_name":"stderr","time":110.795310551,"data":"--\u003e 131         with open(queries_file) as f:\n"}
,{"stream_name":"stderr","time":110.795312589,"data":"    132             queries = f.read()\n"}
,{"stream_name":"stderr","time":110.79531454400001,"data":"    133         return cls(\n"}
,{"stream_name":"stderr","time":110.795316389,"data":"\n"}
,{"stream_name":"stderr","time":110.795318155,"data":"FileNotFoundError: [Errno 2] No such file or directory: '/kaggle/input/arc-prize-2026-arc-agi-2/arc-agi_evaluation_challenges.json'\n"}
,{"stream_name":"stderr","time":110.795320201,"data":"\n"}
,{"stream_name":"stderr","time":113.511783635,"data":"/usr/local/lib/python3.11/dist-packages/traitlets/traitlets.py:2915: FutureWarning: --Exporter.preprocessors=[\"remove_papermill_header.RemovePapermillHeader\"] for containers is deprecated in traitlets 5.0. You can pass `--Exporter.preprocessors item` ... multiple times to add items to a list.\n"}
,{"stream_name":"stderr","time":113.511818839,"data":"  warn(\n"}
,{"stream_name":"stderr","time":113.571609016,"data":"[NbConvertApp] Converting notebook __notebook__.ipynb to notebook\n"}
,{"stream_name":"stderr","time":113.872867673,"data":"[NbConvertApp] Writing 57701 bytes to __notebook__.ipynb\n"}
,{"stream_name":"stderr","time":115.955740902,"data":"/usr/local/lib/python3.11/dist-packages/traitlets/traitlets.py:2915: FutureWarning: --Exporter.preprocessors=[\"nbconvert.preprocessors.ExtractOutputPreprocessor\"] for containers is deprecated in traitlets 5.0. You can pass `--Exporter.preprocessors item` ... multiple times to add items to a list.\n"}
,{"stream_name":"stderr","time":115.955768753,"data":"  warn(\n"}
,{"stream_name":"stderr","time":115.99792196,"data":"[NbConvertApp] Converting notebook __notebook__.ipynb to html\n"}
,{"stream_name":"stderr","time":117.105335753,"data":"[NbConvertApp] Writing 482626 bytes to __results__.html\n"}
,{"stream_name":"stderr","time":119.928513084,"data":"/usr/local/lib/python3.11/dist-packages/nbdev/doclinks.py:20: UserWarning: pkg_resources is deprecated as an API. See https://setuptools.pypa.io/en/latest/pkg_resources.html. The pkg_resources package is slated for removal as early as 2025-11-30. Refrain from using this package or pin to Setuptools\u003c81.\n"}
,{"stream_name":"stderr","time":119.928540948,"data":"  import pkg_resources,importlib\n"}
]